Archive member included to satisfy reference by file (symbol)

/home/TDDI11/sw/lib/elf/libepc.a(init-cpu.o)
                              (start)
/home/TDDI11/sw/lib/elf/libepc.a(init-idt.o)
                              /home/TDDI11/sw/lib/elf/libepc.a(init-cpu.o) (Init_IDT)
/home/TDDI11/sw/lib/elf/libepc.a(init-crt.o)
                              /home/TDDI11/sw/lib/elf/libepc.a(init-cpu.o) (Init_CRT)
/home/TDDI11/sw/lib/elf/libepc.a(display.o)
                              main.o (SetCursorPosition)
/home/TDDI11/sw/lib/elf/libepc.a(timer.o)
                              main.o (Milliseconds)
/home/TDDI11/sw/lib/elf/libepc.a(init8259.o)
                              /home/TDDI11/sw/lib/elf/libepc.a(init-cpu.o) (Init8259)
/home/TDDI11/sw/lib/elf/libepc.a(init8253.o)
                              /home/TDDI11/sw/lib/elf/libepc.a(init-cpu.o) (Init8253)
/home/TDDI11/sw/lib/elf/libepc.a(checkcpu.o)
                              /home/TDDI11/sw/lib/elf/libepc.a(init-cpu.o) (Check_CPU)
/home/TDDI11/sw/lib/elf/libepc.a(io.o)
                              /home/TDDI11/sw/lib/elf/libepc.a(timer.o) (msec)
/home/TDDI11/sw/lib/elf/libepc.a(keyboard.o)
                              /home/TDDI11/sw/lib/elf/libepc.a(io.o) (Enqueue)

Discarded input sections

 .eh_frame      0x0000000000000000       0xe0 main.o

Memory Configuration

Name             Origin             Length             Attributes
conventional     0x0000000000000000 0x00000000000a0000
reserved         0x00000000000a0000 0x0000000000060000
extended         0x0000000000100000 0x00000000fff00000
*default*        0x0000000000000000 0xffffffffffffffff

Linker script and memory map

LOAD main.o
LOAD llmultiply.o
LOAD /home/TDDI11/sw/lib/elf/libepc.a
LOAD /home/TDDI11/sw/lib/elf/djgpp/libc.a
LOAD /sw/i386-elf-gcc-4.9.0/lib/gcc/i386-elf/4.9.0/libgcc.a

.text           0x0000000000000000     0x1c94
                0x0000000000000000                text_frst = .
 *(.start)
 .start         0x0000000000000000        0x8 /home/TDDI11/sw/lib/elf/libepc.a(init-cpu.o)
                0x0000000000000000                start
 *(.init)
 *(.text)
 .text          0x0000000000000008      0x55a main.o
                0x0000000000000008                PutUnsignedLongLong
                0x0000000000000043                low
                0x000000000000005a                high
                0x0000000000000078                llmultiply2
                0x0000000000000383                main
 *fill*         0x0000000000000562        0xe 
 .text          0x0000000000000570       0x69 llmultiply.o
                0x0000000000000570                llmultiply
 *fill*         0x00000000000005d9        0x3 
 .text          0x00000000000005dc       0x50 /home/TDDI11/sw/lib/elf/libepc.a(init-cpu.o)
                0x00000000000005dc                Init_CPU
 .text          0x000000000000062c      0x5a0 /home/TDDI11/sw/lib/elf/libepc.a(init-idt.o)
                0x0000000000000a3c                IRQ2INT
                0x0000000000000a50                _GetISR
                0x0000000000000a94                SetISR
                0x0000000000000acc                Init_IDT
 .text          0x0000000000000bcc      0x110 /home/TDDI11/sw/lib/elf/libepc.a(init-crt.o)
                0x0000000000000bcc                Init_CRT
                0x0000000000000c00                _LastMemoryAddress
 .text          0x0000000000000cdc      0x6e0 /home/TDDI11/sw/lib/elf/libepc.a(display.o)
                0x0000000000000cdc                SetCursorVisible
                0x0000000000000d60                _GetCursorRow
                0x0000000000000d74                _GetCursorCol
                0x0000000000000d88                SetCursorPosition
                0x0000000000000e2c                ClearScreen
                0x0000000000000e94                _PutAttb
                0x0000000000000ee0                _PutCharAt
                0x0000000000000f0c                _PutChar
                0x0000000000000f90                PutString
                0x0000000000000fc8                PutUnsigned
                0x0000000000001000                FormatUnsigned
                0x0000000000001090                Unsigned2Ascii
                0x0000000000001114                _Cell
 .text          0x00000000000013bc       0xe0 /home/TDDI11/sw/lib/elf/libepc.a(timer.o)
                0x0000000000001444                Milliseconds
                0x0000000000001460                Now_Plus
 .text          0x000000000000149c       0xe0 /home/TDDI11/sw/lib/elf/libepc.a(init8259.o)
                0x000000000000149c                Init8259
 .text          0x000000000000157c       0xb0 /home/TDDI11/sw/lib/elf/libepc.a(init8253.o)
                0x000000000000157c                Init8253
 .text          0x000000000000162c       0x98 /home/TDDI11/sw/lib/elf/libepc.a(checkcpu.o)
                0x000000000000162c                Check_CPU
 .text          0x00000000000016c4       0x60 /home/TDDI11/sw/lib/elf/libepc.a(io.o)
                0x00000000000016c4                TimerTickISR
                0x00000000000016d0                KeyboardISR
                0x00000000000016f0                ISR_PIC1
                0x00000000000016f7                ISR_PIC2
                0x0000000000001700                ___main
                0x0000000000001701                inportb
                0x000000000000170b                outportb
                0x000000000000171d                _exit
 .text          0x0000000000001724      0x570 /home/TDDI11/sw/lib/elf/libepc.a(keyboard.o)
                0x0000000000001724                ScanCodeRdy
                0x0000000000001748                GetScanCode
                0x0000000000001778                ScanCode2Ascii
                0x0000000000001938                SetsKybdState
                0x0000000000001b28                Enqueue
                0x0000000000001c93                text_last = (. - 0x1)

.data           0x0000000000001ca0      0x7ca
                0x0000000000001ca0                data_frst = .
 *(.data)
 .data          0x0000000000001ca0       0xc0 main.o
                0x0000000000001ca0                cases
 .data          0x0000000000001d60        0x0 llmultiply.o
 .data          0x0000000000001d60       0x20 /home/TDDI11/sw/lib/elf/libepc.a(init-cpu.o)
                0x0000000000001d7e                code_selector
 .data          0x0000000000001d80       0x90 /home/TDDI11/sw/lib/elf/libepc.a(init-idt.o)
 .data          0x0000000000001e10       0x10 /home/TDDI11/sw/lib/elf/libepc.a(init-crt.o)
 .data          0x0000000000001e20       0x30 /home/TDDI11/sw/lib/elf/libepc.a(display.o)
 .data          0x0000000000001e50       0x10 /home/TDDI11/sw/lib/elf/libepc.a(timer.o)
 .data          0x0000000000001e60        0x0 /home/TDDI11/sw/lib/elf/libepc.a(init8259.o)
 .data          0x0000000000001e60        0x0 /home/TDDI11/sw/lib/elf/libepc.a(init8253.o)
 .data          0x0000000000001e60        0xc /home/TDDI11/sw/lib/elf/libepc.a(io.o)
                0x0000000000001e60                msec
                0x0000000000001e64                old_tick_isr
                0x0000000000001e68                old_kybd_isr
 .data          0x0000000000001e6c      0x5a0 /home/TDDI11/sw/lib/elf/libepc.a(keyboard.o)
 *(.rodata)
 .rodata        0x000000000000240c       0x5e main.o
 *(.rodata.str1.1)
 *(.rodata.str1.32)
                0x0000000000002469                data_last = (. - 0x1)

.bss            0x000000000000246c      0x83c
                0x000000000000246c                bss_frst = .
 *(.bss)
 .bss           0x000000000000246c        0x0 main.o
 .bss           0x000000000000246c      0x800 /home/TDDI11/sw/lib/elf/libepc.a(init-idt.o)
 .bss           0x0000000000002c6c        0x0 /home/TDDI11/sw/lib/elf/libepc.a(init-crt.o)
 .bss           0x0000000000002c6c        0x8 /home/TDDI11/sw/lib/elf/libepc.a(display.o)
 .bss           0x0000000000002c74        0x0 /home/TDDI11/sw/lib/elf/libepc.a(timer.o)
 .bss           0x0000000000002c74        0x0 /home/TDDI11/sw/lib/elf/libepc.a(init8259.o)
 .bss           0x0000000000002c74        0x0 /home/TDDI11/sw/lib/elf/libepc.a(init8253.o)
 .bss           0x0000000000002c74       0x34 /home/TDDI11/sw/lib/elf/libepc.a(keyboard.o)
 *(COMMON)
                0x0000000000002ca7                bss_last = (. - 0x1)

/DISCARD/
 *(.eh_frame)
                0x0000000000002ca8                stack_frst = (bss_last + 0x1)
                0x000000000000aca7                stack_last = (bss_last + 0x8000)
                0x000000000000aca8                heap_frst = (stack_last + 0x1)
OUTPUT(embedded.bin binary)

.debug_info     0x0000000000000000      0x278
 .debug_info    0x0000000000000000      0x278 main.o

.debug_abbrev   0x0000000000000000      0x11e
 .debug_abbrev  0x0000000000000000      0x11e main.o

.debug_aranges  0x0000000000000000       0x20
 .debug_aranges
                0x0000000000000000       0x20 main.o

.debug_line     0x0000000000000000       0xf2
 .debug_line    0x0000000000000000       0xf2 main.o

.debug_str      0x0000000000000000      0x15a
 .debug_str     0x0000000000000000      0x15a main.o

.comment        0x0000000000000000       0x12
 .comment       0x0000000000000000       0x12 main.o
