Archive member included to satisfy reference by file (symbol)

/home/TDDI11/sw/lib/elf/libepc.a(init-cpu.o)
                              (start)
/home/TDDI11/sw/lib/elf/libepc.a(init-idt.o)
                              /home/TDDI11/sw/lib/elf/libepc.a(init-cpu.o) (Init_IDT)
/home/TDDI11/sw/lib/elf/libepc.a(init-crt.o)
                              /home/TDDI11/sw/lib/elf/libepc.a(init-cpu.o) (Init_CRT)
/home/TDDI11/sw/lib/elf/libepc.a(display.o)
                              main.o (SetCursorPosition)
/home/TDDI11/sw/lib/elf/libepc.a(init8259.o)
                              /home/TDDI11/sw/lib/elf/libepc.a(init-cpu.o) (Init8259)
/home/TDDI11/sw/lib/elf/libepc.a(init8253.o)
                              /home/TDDI11/sw/lib/elf/libepc.a(init-cpu.o) (Init8253)
/home/TDDI11/sw/lib/elf/libepc.a(checkcpu.o)
                              /home/TDDI11/sw/lib/elf/libepc.a(init-cpu.o) (Check_CPU)
/home/TDDI11/sw/lib/elf/libepc.a(io.o)
                              /home/TDDI11/sw/lib/elf/libepc.a(init-idt.o) (ISR_PIC1)
/home/TDDI11/sw/lib/elf/libepc.a(keyboard.o)
                              /home/TDDI11/sw/lib/elf/libepc.a(io.o) (Enqueue)

Discarded input sections

 .eh_frame      0x0000000000000000       0x94 main.o

Memory Configuration

Name             Origin             Length             Attributes
conventional     0x0000000000000000 0x00000000000a0000
reserved         0x00000000000a0000 0x0000000000060000
extended         0x0000000000100000 0x00000000fff00000
*default*        0x0000000000000000 0xffffffffffffffff

Linker script and memory map

LOAD main.o
LOAD llmultiply.o
LOAD /home/TDDI11/sw/lib/elf/libepc.a
LOAD /home/TDDI11/sw/lib/elf/djgpp/libc.a
LOAD /sw/i386-elf-gcc-4.9.0/lib/gcc/i386-elf/4.9.0/libgcc.a

.text           0x0000000000000000     0x1784
                0x0000000000000000                text_frst = .
 *(.start)
 .start         0x0000000000000000        0x8 /home/TDDI11/sw/lib/elf/libepc.a(init-cpu.o)
                0x0000000000000000                start
 *(.init)
 *(.text)
 .text          0x0000000000000008      0x12d main.o
                0x0000000000000008                PutUnsignedLongLong
                0x000000000000002f                main
 *fill*         0x0000000000000135        0xb 
 .text          0x0000000000000140       0x69 llmultiply.o
                0x0000000000000140                llmultiply
 *fill*         0x00000000000001a9        0x3 
 .text          0x00000000000001ac       0x50 /home/TDDI11/sw/lib/elf/libepc.a(init-cpu.o)
                0x00000000000001ac                Init_CPU
 .text          0x00000000000001fc      0x5a0 /home/TDDI11/sw/lib/elf/libepc.a(init-idt.o)
                0x000000000000060c                IRQ2INT
                0x0000000000000620                _GetISR
                0x0000000000000664                SetISR
                0x000000000000069c                Init_IDT
 .text          0x000000000000079c      0x110 /home/TDDI11/sw/lib/elf/libepc.a(init-crt.o)
                0x000000000000079c                Init_CRT
                0x00000000000007d0                _LastMemoryAddress
 .text          0x00000000000008ac      0x6e0 /home/TDDI11/sw/lib/elf/libepc.a(display.o)
                0x00000000000008ac                SetCursorVisible
                0x0000000000000930                _GetCursorRow
                0x0000000000000944                _GetCursorCol
                0x0000000000000958                SetCursorPosition
                0x00000000000009fc                ClearScreen
                0x0000000000000a64                _PutAttb
                0x0000000000000ab0                _PutCharAt
                0x0000000000000adc                _PutChar
                0x0000000000000b60                PutString
                0x0000000000000b98                PutUnsigned
                0x0000000000000bd0                FormatUnsigned
                0x0000000000000c60                Unsigned2Ascii
                0x0000000000000ce4                _Cell
 .text          0x0000000000000f8c       0xe0 /home/TDDI11/sw/lib/elf/libepc.a(init8259.o)
                0x0000000000000f8c                Init8259
 .text          0x000000000000106c       0xb0 /home/TDDI11/sw/lib/elf/libepc.a(init8253.o)
                0x000000000000106c                Init8253
 .text          0x000000000000111c       0x98 /home/TDDI11/sw/lib/elf/libepc.a(checkcpu.o)
                0x000000000000111c                Check_CPU
 .text          0x00000000000011b4       0x60 /home/TDDI11/sw/lib/elf/libepc.a(io.o)
                0x00000000000011b4                TimerTickISR
                0x00000000000011c0                KeyboardISR
                0x00000000000011e0                ISR_PIC1
                0x00000000000011e7                ISR_PIC2
                0x00000000000011f0                ___main
                0x00000000000011f1                inportb
                0x00000000000011fb                outportb
                0x000000000000120d                _exit
 .text          0x0000000000001214      0x570 /home/TDDI11/sw/lib/elf/libepc.a(keyboard.o)
                0x0000000000001214                ScanCodeRdy
                0x0000000000001238                GetScanCode
                0x0000000000001268                ScanCode2Ascii
                0x0000000000001428                SetsKybdState
                0x0000000000001618                Enqueue
                0x0000000000001783                text_last = (. - 0x1)

.data           0x00000000000017a0      0x77b
                0x00000000000017a0                data_frst = .
 *(.data)
 .data          0x00000000000017a0       0xc0 main.o
                0x00000000000017a0                cases
 .data          0x0000000000001860        0x0 llmultiply.o
 .data          0x0000000000001860       0x20 /home/TDDI11/sw/lib/elf/libepc.a(init-cpu.o)
                0x000000000000187e                code_selector
 .data          0x0000000000001880       0x90 /home/TDDI11/sw/lib/elf/libepc.a(init-idt.o)
 .data          0x0000000000001910       0x10 /home/TDDI11/sw/lib/elf/libepc.a(init-crt.o)
 .data          0x0000000000001920       0x30 /home/TDDI11/sw/lib/elf/libepc.a(display.o)
 .data          0x0000000000001950        0x0 /home/TDDI11/sw/lib/elf/libepc.a(init8259.o)
 .data          0x0000000000001950        0x0 /home/TDDI11/sw/lib/elf/libepc.a(init8253.o)
 .data          0x0000000000001950        0xc /home/TDDI11/sw/lib/elf/libepc.a(io.o)
                0x0000000000001950                msec
                0x0000000000001954                old_tick_isr
                0x0000000000001958                old_kybd_isr
 .data          0x000000000000195c      0x5a0 /home/TDDI11/sw/lib/elf/libepc.a(keyboard.o)
 *(.rodata)
 *(.rodata.str1.1)
 .rodata.str1.1
                0x0000000000001efc       0x1f main.o
 *(.rodata.str1.32)
                0x0000000000001f1a                data_last = (. - 0x1)

.bss            0x0000000000001f1c      0x83c
                0x0000000000001f1c                bss_frst = .
 *(.bss)
 .bss           0x0000000000001f1c        0x0 main.o
 .bss           0x0000000000001f1c      0x800 /home/TDDI11/sw/lib/elf/libepc.a(init-idt.o)
 .bss           0x000000000000271c        0x0 /home/TDDI11/sw/lib/elf/libepc.a(init-crt.o)
 .bss           0x000000000000271c        0x8 /home/TDDI11/sw/lib/elf/libepc.a(display.o)
 .bss           0x0000000000002724        0x0 /home/TDDI11/sw/lib/elf/libepc.a(init8259.o)
 .bss           0x0000000000002724        0x0 /home/TDDI11/sw/lib/elf/libepc.a(init8253.o)
 .bss           0x0000000000002724       0x34 /home/TDDI11/sw/lib/elf/libepc.a(keyboard.o)
 *(COMMON)
                0x0000000000002757                bss_last = (. - 0x1)

/DISCARD/
 *(.eh_frame)
                0x0000000000002758                stack_frst = (bss_last + 0x1)
                0x000000000000a757                stack_last = (bss_last + 0x8000)
                0x000000000000a758                heap_frst = (stack_last + 0x1)
OUTPUT(embedded.bin binary)

.debug_info     0x0000000000000000      0x29a
 .debug_info    0x0000000000000000      0x29a main.o

.debug_abbrev   0x0000000000000000      0x109
 .debug_abbrev  0x0000000000000000      0x109 main.o

.debug_loc      0x0000000000000000       0x33
 .debug_loc     0x0000000000000000       0x33 main.o

.debug_aranges  0x0000000000000000       0x20
 .debug_aranges
                0x0000000000000000       0x20 main.o

.debug_line     0x0000000000000000       0xbd
 .debug_line    0x0000000000000000       0xbd main.o

.debug_str      0x0000000000000000      0x15e
 .debug_str     0x0000000000000000      0x15e main.o

.comment        0x0000000000000000       0x12
 .comment       0x0000000000000000       0x12 main.o
