Archive member included to satisfy reference by file (symbol)

/home/TDDI11/sw/lib/elf/libepc.a(init-cpu.o)
                              (start)
/home/TDDI11/sw/lib/elf/libepc.a(init-idt.o)
                              /home/TDDI11/sw/lib/elf/libepc.a(init-cpu.o) (Init_IDT)
/home/TDDI11/sw/lib/elf/libepc.a(init-crt.o)
                              /home/TDDI11/sw/lib/elf/libepc.a(init-cpu.o) (Init_CRT)
/home/TDDI11/sw/lib/elf/libepc.a(display.o)
                              main.o (SetCursorPosition)
/home/TDDI11/sw/lib/elf/libepc.a(init8259.o)
                              /home/TDDI11/sw/lib/elf/libepc.a(init-cpu.o) (Init8259)
/home/TDDI11/sw/lib/elf/libepc.a(init8253.o)
                              /home/TDDI11/sw/lib/elf/libepc.a(init-cpu.o) (Init8253)
/home/TDDI11/sw/lib/elf/libepc.a(checkcpu.o)
                              /home/TDDI11/sw/lib/elf/libepc.a(init-cpu.o) (Check_CPU)
/home/TDDI11/sw/lib/elf/libepc.a(io.o)
                              /home/TDDI11/sw/lib/elf/libepc.a(init-idt.o) (ISR_PIC1)
/home/TDDI11/sw/lib/elf/libepc.a(keyboard.o)
                              /home/TDDI11/sw/lib/elf/libepc.a(io.o) (Enqueue)

Discarded input sections

 .eh_frame      0x0000000000000000       0x74 main.o

Memory Configuration

Name             Origin             Length             Attributes
conventional     0x0000000000000000 0x00000000000a0000
reserved         0x00000000000a0000 0x0000000000060000
extended         0x0000000000100000 0x00000000fff00000
*default*        0x0000000000000000 0xffffffffffffffff

Linker script and memory map

LOAD main.o
LOAD llmultiply.o
LOAD /home/TDDI11/sw/lib/elf/libepc.a
LOAD /home/TDDI11/sw/lib/elf/djgpp/libc.a
LOAD /sw/i386-elf-gcc-4.9.0/lib/gcc/i386-elf/4.9.0/libgcc.a

.text           0x0000000000000000     0x1810
                0x0000000000000000                text_frst = .
 *(.start)
 .start         0x0000000000000000        0x8 /home/TDDI11/sw/lib/elf/libepc.a(init-cpu.o)
                0x0000000000000000                start
 *(.init)
 *(.text)
 .text          0x0000000000000008      0x1d0 main.o
                0x0000000000000008                PutUnsignedLongLong
                0x0000000000000043                main
 *fill*         0x00000000000001d8        0x8 
 .text          0x00000000000001e0       0x57 llmultiply.o
                0x00000000000001e0                llmultiply
 *fill*         0x0000000000000237        0x1 
 .text          0x0000000000000238       0x50 /home/TDDI11/sw/lib/elf/libepc.a(init-cpu.o)
                0x0000000000000238                Init_CPU
 .text          0x0000000000000288      0x5a0 /home/TDDI11/sw/lib/elf/libepc.a(init-idt.o)
                0x0000000000000698                IRQ2INT
                0x00000000000006ac                _GetISR
                0x00000000000006f0                SetISR
                0x0000000000000728                Init_IDT
 .text          0x0000000000000828      0x110 /home/TDDI11/sw/lib/elf/libepc.a(init-crt.o)
                0x0000000000000828                Init_CRT
                0x000000000000085c                _LastMemoryAddress
 .text          0x0000000000000938      0x6e0 /home/TDDI11/sw/lib/elf/libepc.a(display.o)
                0x0000000000000938                SetCursorVisible
                0x00000000000009bc                _GetCursorRow
                0x00000000000009d0                _GetCursorCol
                0x00000000000009e4                SetCursorPosition
                0x0000000000000a88                ClearScreen
                0x0000000000000af0                _PutAttb
                0x0000000000000b3c                _PutCharAt
                0x0000000000000b68                _PutChar
                0x0000000000000bec                PutString
                0x0000000000000c24                PutUnsigned
                0x0000000000000c5c                FormatUnsigned
                0x0000000000000cec                Unsigned2Ascii
                0x0000000000000d70                _Cell
 .text          0x0000000000001018       0xe0 /home/TDDI11/sw/lib/elf/libepc.a(init8259.o)
                0x0000000000001018                Init8259
 .text          0x00000000000010f8       0xb0 /home/TDDI11/sw/lib/elf/libepc.a(init8253.o)
                0x00000000000010f8                Init8253
 .text          0x00000000000011a8       0x98 /home/TDDI11/sw/lib/elf/libepc.a(checkcpu.o)
                0x00000000000011a8                Check_CPU
 .text          0x0000000000001240       0x60 /home/TDDI11/sw/lib/elf/libepc.a(io.o)
                0x0000000000001240                TimerTickISR
                0x000000000000124c                KeyboardISR
                0x000000000000126c                ISR_PIC1
                0x0000000000001273                ISR_PIC2
                0x000000000000127c                ___main
                0x000000000000127d                inportb
                0x0000000000001287                outportb
                0x0000000000001299                _exit
 .text          0x00000000000012a0      0x570 /home/TDDI11/sw/lib/elf/libepc.a(keyboard.o)
                0x00000000000012a0                ScanCodeRdy
                0x00000000000012c4                GetScanCode
                0x00000000000012f4                ScanCode2Ascii
                0x00000000000014b4                SetsKybdState
                0x00000000000016a4                Enqueue
                0x000000000000180f                text_last = (. - 0x1)

.data           0x0000000000001820      0x77b
                0x0000000000001820                data_frst = .
 *(.data)
 .data          0x0000000000001820       0xc0 main.o
                0x0000000000001820                cases
 .data          0x00000000000018e0        0x0 llmultiply.o
 .data          0x00000000000018e0       0x20 /home/TDDI11/sw/lib/elf/libepc.a(init-cpu.o)
                0x00000000000018fe                code_selector
 .data          0x0000000000001900       0x90 /home/TDDI11/sw/lib/elf/libepc.a(init-idt.o)
 .data          0x0000000000001990       0x10 /home/TDDI11/sw/lib/elf/libepc.a(init-crt.o)
 .data          0x00000000000019a0       0x30 /home/TDDI11/sw/lib/elf/libepc.a(display.o)
 .data          0x00000000000019d0        0x0 /home/TDDI11/sw/lib/elf/libepc.a(init8259.o)
 .data          0x00000000000019d0        0x0 /home/TDDI11/sw/lib/elf/libepc.a(init8253.o)
 .data          0x00000000000019d0        0xc /home/TDDI11/sw/lib/elf/libepc.a(io.o)
                0x00000000000019d0                msec
                0x00000000000019d4                old_tick_isr
                0x00000000000019d8                old_kybd_isr
 .data          0x00000000000019dc      0x5a0 /home/TDDI11/sw/lib/elf/libepc.a(keyboard.o)
 *(.rodata)
 .rodata        0x0000000000001f7c       0x1f main.o
 *(.rodata.str1.1)
 *(.rodata.str1.32)
                0x0000000000001f9a                data_last = (. - 0x1)

.bss            0x0000000000001f9c      0x83c
                0x0000000000001f9c                bss_frst = .
 *(.bss)
 .bss           0x0000000000001f9c        0x0 main.o
 .bss           0x0000000000001f9c      0x800 /home/TDDI11/sw/lib/elf/libepc.a(init-idt.o)
 .bss           0x000000000000279c        0x0 /home/TDDI11/sw/lib/elf/libepc.a(init-crt.o)
 .bss           0x000000000000279c        0x8 /home/TDDI11/sw/lib/elf/libepc.a(display.o)
 .bss           0x00000000000027a4        0x0 /home/TDDI11/sw/lib/elf/libepc.a(init8259.o)
 .bss           0x00000000000027a4        0x0 /home/TDDI11/sw/lib/elf/libepc.a(init8253.o)
 .bss           0x00000000000027a4       0x34 /home/TDDI11/sw/lib/elf/libepc.a(keyboard.o)
 *(COMMON)
                0x00000000000027d7                bss_last = (. - 0x1)

/DISCARD/
 *(.eh_frame)
                0x00000000000027d8                stack_frst = (bss_last + 0x1)
                0x000000000000a7d7                stack_last = (bss_last + 0x8000)
                0x000000000000a7d8                heap_frst = (stack_last + 0x1)
OUTPUT(embedded.bin binary)

.debug_info     0x0000000000000000      0x167
 .debug_info    0x0000000000000000      0x167 main.o

.debug_abbrev   0x0000000000000000       0xd7
 .debug_abbrev  0x0000000000000000       0xd7 main.o

.debug_aranges  0x0000000000000000       0x20
 .debug_aranges
                0x0000000000000000       0x20 main.o

.debug_line     0x0000000000000000       0xa5
 .debug_line    0x0000000000000000       0xa5 main.o

.debug_str      0x0000000000000000      0x10c
 .debug_str     0x0000000000000000      0x10c main.o

.comment        0x0000000000000000       0x12
 .comment       0x0000000000000000       0x12 main.o
