Archive member included to satisfy reference by file (symbol)

/home/TDDI11/sw/lib/elf/libepc.a(init-cpu.o)
                              (start)
/home/TDDI11/sw/lib/elf/libepc.a(init-idt.o)
                              /home/TDDI11/sw/lib/elf/libepc.a(init-cpu.o) (Init_IDT)
/home/TDDI11/sw/lib/elf/libepc.a(init-crt.o)
                              /home/TDDI11/sw/lib/elf/libepc.a(init-cpu.o) (Init_CRT)
/home/TDDI11/sw/lib/elf/libepc.a(display.o)
                              main.o (SetCursorPosition)
/home/TDDI11/sw/lib/elf/libepc.a(init8259.o)
                              /home/TDDI11/sw/lib/elf/libepc.a(init-cpu.o) (Init8259)
/home/TDDI11/sw/lib/elf/libepc.a(init8253.o)
                              /home/TDDI11/sw/lib/elf/libepc.a(init-cpu.o) (Init8253)
/home/TDDI11/sw/lib/elf/libepc.a(checkcpu.o)
                              /home/TDDI11/sw/lib/elf/libepc.a(init-cpu.o) (Check_CPU)
/home/TDDI11/sw/lib/elf/libepc.a(io.o)
                              /home/TDDI11/sw/lib/elf/libepc.a(init-idt.o) (ISR_PIC1)
/home/TDDI11/sw/lib/elf/libepc.a(keyboard.o)
                              /home/TDDI11/sw/lib/elf/libepc.a(io.o) (Enqueue)

Discarded input sections

 .eh_frame      0x0000000000000000       0x74 main.o

Memory Configuration

Name             Origin             Length             Attributes
conventional     0x0000000000000000 0x00000000000a0000
reserved         0x00000000000a0000 0x0000000000060000
extended         0x0000000000100000 0x00000000fff00000
*default*        0x0000000000000000 0xffffffffffffffff

Linker script and memory map

LOAD main.o
LOAD llmultiply.o
LOAD /home/TDDI11/sw/lib/elf/libepc.a
LOAD /home/TDDI11/sw/lib/elf/djgpp/libc.a
LOAD /sw/i386-elf-gcc-4.9.0/lib/gcc/i386-elf/4.9.0/libgcc.a

.text           0x0000000000000000     0x1814
                0x0000000000000000                text_frst = .
 *(.start)
 .start         0x0000000000000000        0x8 /home/TDDI11/sw/lib/elf/libepc.a(init-cpu.o)
                0x0000000000000000                start
 *(.init)
 *(.text)
 .text          0x0000000000000008      0x1d0 main.o
                0x0000000000000008                PutUnsignedLongLong
                0x0000000000000043                main
 *fill*         0x00000000000001d8        0x8 
 .text          0x00000000000001e0       0x59 llmultiply.o
                0x00000000000001e0                llmultiply
 *fill*         0x0000000000000239        0x3 
 .text          0x000000000000023c       0x50 /home/TDDI11/sw/lib/elf/libepc.a(init-cpu.o)
                0x000000000000023c                Init_CPU
 .text          0x000000000000028c      0x5a0 /home/TDDI11/sw/lib/elf/libepc.a(init-idt.o)
                0x000000000000069c                IRQ2INT
                0x00000000000006b0                _GetISR
                0x00000000000006f4                SetISR
                0x000000000000072c                Init_IDT
 .text          0x000000000000082c      0x110 /home/TDDI11/sw/lib/elf/libepc.a(init-crt.o)
                0x000000000000082c                Init_CRT
                0x0000000000000860                _LastMemoryAddress
 .text          0x000000000000093c      0x6e0 /home/TDDI11/sw/lib/elf/libepc.a(display.o)
                0x000000000000093c                SetCursorVisible
                0x00000000000009c0                _GetCursorRow
                0x00000000000009d4                _GetCursorCol
                0x00000000000009e8                SetCursorPosition
                0x0000000000000a8c                ClearScreen
                0x0000000000000af4                _PutAttb
                0x0000000000000b40                _PutCharAt
                0x0000000000000b6c                _PutChar
                0x0000000000000bf0                PutString
                0x0000000000000c28                PutUnsigned
                0x0000000000000c60                FormatUnsigned
                0x0000000000000cf0                Unsigned2Ascii
                0x0000000000000d74                _Cell
 .text          0x000000000000101c       0xe0 /home/TDDI11/sw/lib/elf/libepc.a(init8259.o)
                0x000000000000101c                Init8259
 .text          0x00000000000010fc       0xb0 /home/TDDI11/sw/lib/elf/libepc.a(init8253.o)
                0x00000000000010fc                Init8253
 .text          0x00000000000011ac       0x98 /home/TDDI11/sw/lib/elf/libepc.a(checkcpu.o)
                0x00000000000011ac                Check_CPU
 .text          0x0000000000001244       0x60 /home/TDDI11/sw/lib/elf/libepc.a(io.o)
                0x0000000000001244                TimerTickISR
                0x0000000000001250                KeyboardISR
                0x0000000000001270                ISR_PIC1
                0x0000000000001277                ISR_PIC2
                0x0000000000001280                ___main
                0x0000000000001281                inportb
                0x000000000000128b                outportb
                0x000000000000129d                _exit
 .text          0x00000000000012a4      0x570 /home/TDDI11/sw/lib/elf/libepc.a(keyboard.o)
                0x00000000000012a4                ScanCodeRdy
                0x00000000000012c8                GetScanCode
                0x00000000000012f8                ScanCode2Ascii
                0x00000000000014b8                SetsKybdState
                0x00000000000016a8                Enqueue
                0x0000000000001813                text_last = (. - 0x1)

.data           0x0000000000001820      0x77b
                0x0000000000001820                data_frst = .
 *(.data)
 .data          0x0000000000001820       0xc0 main.o
                0x0000000000001820                cases
 .data          0x00000000000018e0        0x0 llmultiply.o
 .data          0x00000000000018e0       0x20 /home/TDDI11/sw/lib/elf/libepc.a(init-cpu.o)
                0x00000000000018fe                code_selector
 .data          0x0000000000001900       0x90 /home/TDDI11/sw/lib/elf/libepc.a(init-idt.o)
 .data          0x0000000000001990       0x10 /home/TDDI11/sw/lib/elf/libepc.a(init-crt.o)
 .data          0x00000000000019a0       0x30 /home/TDDI11/sw/lib/elf/libepc.a(display.o)
 .data          0x00000000000019d0        0x0 /home/TDDI11/sw/lib/elf/libepc.a(init8259.o)
 .data          0x00000000000019d0        0x0 /home/TDDI11/sw/lib/elf/libepc.a(init8253.o)
 .data          0x00000000000019d0        0xc /home/TDDI11/sw/lib/elf/libepc.a(io.o)
                0x00000000000019d0                msec
                0x00000000000019d4                old_tick_isr
                0x00000000000019d8                old_kybd_isr
 .data          0x00000000000019dc      0x5a0 /home/TDDI11/sw/lib/elf/libepc.a(keyboard.o)
 *(.rodata)
 .rodata        0x0000000000001f7c       0x1f main.o
 *(.rodata.str1.1)
 *(.rodata.str1.32)
                0x0000000000001f9a                data_last = (. - 0x1)

.bss            0x0000000000001f9c      0x83c
                0x0000000000001f9c                bss_frst = .
 *(.bss)
 .bss           0x0000000000001f9c        0x0 main.o
 .bss           0x0000000000001f9c      0x800 /home/TDDI11/sw/lib/elf/libepc.a(init-idt.o)
 .bss           0x000000000000279c        0x0 /home/TDDI11/sw/lib/elf/libepc.a(init-crt.o)
 .bss           0x000000000000279c        0x8 /home/TDDI11/sw/lib/elf/libepc.a(display.o)
 .bss           0x00000000000027a4        0x0 /home/TDDI11/sw/lib/elf/libepc.a(init8259.o)
 .bss           0x00000000000027a4        0x0 /home/TDDI11/sw/lib/elf/libepc.a(init8253.o)
 .bss           0x00000000000027a4       0x34 /home/TDDI11/sw/lib/elf/libepc.a(keyboard.o)
 *(COMMON)
                0x00000000000027d7                bss_last = (. - 0x1)

/DISCARD/
 *(.eh_frame)
                0x00000000000027d8                stack_frst = (bss_last + 0x1)
                0x000000000000a7d7                stack_last = (bss_last + 0x8000)
                0x000000000000a7d8                heap_frst = (stack_last + 0x1)
OUTPUT(embedded.bin binary)

.debug_info     0x0000000000000000      0x167
 .debug_info    0x0000000000000000      0x167 main.o

.debug_abbrev   0x0000000000000000       0xd7
 .debug_abbrev  0x0000000000000000       0xd7 main.o

.debug_aranges  0x0000000000000000       0x20
 .debug_aranges
                0x0000000000000000       0x20 main.o

.debug_line     0x0000000000000000       0xa5
 .debug_line    0x0000000000000000       0xa5 main.o

.debug_str      0x0000000000000000      0x10c
 .debug_str     0x0000000000000000      0x10c main.o

.comment        0x0000000000000000       0x12
 .comment       0x0000000000000000       0x12 main.o
