Archive member included to satisfy reference by file (symbol)

/home/TDDI11/sw/lib/elf/libepc.a(init-cpu.o)
                              (start)
/home/TDDI11/sw/lib/elf/libepc.a(init-idt.o)
                              /home/TDDI11/sw/lib/elf/libepc.a(init-cpu.o) (Init_IDT)
/home/TDDI11/sw/lib/elf/libepc.a(init-crt.o)
                              /home/TDDI11/sw/lib/elf/libepc.a(init-cpu.o) (Init_CRT)
/home/TDDI11/sw/lib/elf/libepc.a(display.o)
                              main.o (SetCursorPosition)
/home/TDDI11/sw/lib/elf/libepc.a(init8259.o)
                              /home/TDDI11/sw/lib/elf/libepc.a(init-cpu.o) (Init8259)
/home/TDDI11/sw/lib/elf/libepc.a(init8253.o)
                              /home/TDDI11/sw/lib/elf/libepc.a(init-cpu.o) (Init8253)
/home/TDDI11/sw/lib/elf/libepc.a(checkcpu.o)
                              /home/TDDI11/sw/lib/elf/libepc.a(init-cpu.o) (Check_CPU)
/home/TDDI11/sw/lib/elf/libepc.a(io.o)
                              /home/TDDI11/sw/lib/elf/libepc.a(init-idt.o) (ISR_PIC1)
/home/TDDI11/sw/lib/elf/libepc.a(keyboard.o)
                              /home/TDDI11/sw/lib/elf/libepc.a(io.o) (Enqueue)

Discarded input sections

 .eh_frame      0x0000000000000000       0xe0 main.o

Memory Configuration

Name             Origin             Length             Attributes
conventional     0x0000000000000000 0x00000000000a0000
reserved         0x00000000000a0000 0x0000000000060000
extended         0x0000000000100000 0x00000000fff00000
*default*        0x0000000000000000 0xffffffffffffffff

Linker script and memory map

LOAD main.o
LOAD llmultiply.o
LOAD /home/TDDI11/sw/lib/elf/libepc.a
LOAD /home/TDDI11/sw/lib/elf/djgpp/libc.a
LOAD /sw/i386-elf-gcc-4.9.0/lib/gcc/i386-elf/4.9.0/libgcc.a

.text           0x0000000000000000     0x1b24
                0x0000000000000000                text_frst = .
 *(.start)
 .start         0x0000000000000000        0x8 /home/TDDI11/sw/lib/elf/libepc.a(init-cpu.o)
                0x0000000000000000                start
 *(.init)
 *(.text)
 .text          0x0000000000000008      0x4cc main.o
                0x0000000000000008                PutUnsignedLongLong
                0x0000000000000043                low
                0x000000000000005a                high
                0x0000000000000078                llmultiply2
                0x0000000000000383                main
 *fill*         0x00000000000004d4        0xc 
 .text          0x00000000000004e0       0x69 llmultiply.o
                0x00000000000004e0                llmultiply
 *fill*         0x0000000000000549        0x3 
 .text          0x000000000000054c       0x50 /home/TDDI11/sw/lib/elf/libepc.a(init-cpu.o)
                0x000000000000054c                Init_CPU
 .text          0x000000000000059c      0x5a0 /home/TDDI11/sw/lib/elf/libepc.a(init-idt.o)
                0x00000000000009ac                IRQ2INT
                0x00000000000009c0                _GetISR
                0x0000000000000a04                SetISR
                0x0000000000000a3c                Init_IDT
 .text          0x0000000000000b3c      0x110 /home/TDDI11/sw/lib/elf/libepc.a(init-crt.o)
                0x0000000000000b3c                Init_CRT
                0x0000000000000b70                _LastMemoryAddress
 .text          0x0000000000000c4c      0x6e0 /home/TDDI11/sw/lib/elf/libepc.a(display.o)
                0x0000000000000c4c                SetCursorVisible
                0x0000000000000cd0                _GetCursorRow
                0x0000000000000ce4                _GetCursorCol
                0x0000000000000cf8                SetCursorPosition
                0x0000000000000d9c                ClearScreen
                0x0000000000000e04                _PutAttb
                0x0000000000000e50                _PutCharAt
                0x0000000000000e7c                _PutChar
                0x0000000000000f00                PutString
                0x0000000000000f38                PutUnsigned
                0x0000000000000f70                FormatUnsigned
                0x0000000000001000                Unsigned2Ascii
                0x0000000000001084                _Cell
 .text          0x000000000000132c       0xe0 /home/TDDI11/sw/lib/elf/libepc.a(init8259.o)
                0x000000000000132c                Init8259
 .text          0x000000000000140c       0xb0 /home/TDDI11/sw/lib/elf/libepc.a(init8253.o)
                0x000000000000140c                Init8253
 .text          0x00000000000014bc       0x98 /home/TDDI11/sw/lib/elf/libepc.a(checkcpu.o)
                0x00000000000014bc                Check_CPU
 .text          0x0000000000001554       0x60 /home/TDDI11/sw/lib/elf/libepc.a(io.o)
                0x0000000000001554                TimerTickISR
                0x0000000000001560                KeyboardISR
                0x0000000000001580                ISR_PIC1
                0x0000000000001587                ISR_PIC2
                0x0000000000001590                ___main
                0x0000000000001591                inportb
                0x000000000000159b                outportb
                0x00000000000015ad                _exit
 .text          0x00000000000015b4      0x570 /home/TDDI11/sw/lib/elf/libepc.a(keyboard.o)
                0x00000000000015b4                ScanCodeRdy
                0x00000000000015d8                GetScanCode
                0x0000000000001608                ScanCode2Ascii
                0x00000000000017c8                SetsKybdState
                0x00000000000019b8                Enqueue
                0x0000000000001b23                text_last = (. - 0x1)

.data           0x0000000000001b40      0x7b2
                0x0000000000001b40                data_frst = .
 *(.data)
 .data          0x0000000000001b40       0xc0 main.o
                0x0000000000001b40                cases
 .data          0x0000000000001c00        0x0 llmultiply.o
 .data          0x0000000000001c00       0x20 /home/TDDI11/sw/lib/elf/libepc.a(init-cpu.o)
                0x0000000000001c1e                code_selector
 .data          0x0000000000001c20       0x90 /home/TDDI11/sw/lib/elf/libepc.a(init-idt.o)
 .data          0x0000000000001cb0       0x10 /home/TDDI11/sw/lib/elf/libepc.a(init-crt.o)
 .data          0x0000000000001cc0       0x30 /home/TDDI11/sw/lib/elf/libepc.a(display.o)
 .data          0x0000000000001cf0        0x0 /home/TDDI11/sw/lib/elf/libepc.a(init8259.o)
 .data          0x0000000000001cf0        0x0 /home/TDDI11/sw/lib/elf/libepc.a(init8253.o)
 .data          0x0000000000001cf0        0xc /home/TDDI11/sw/lib/elf/libepc.a(io.o)
                0x0000000000001cf0                msec
                0x0000000000001cf4                old_tick_isr
                0x0000000000001cf8                old_kybd_isr
 .data          0x0000000000001cfc      0x5a0 /home/TDDI11/sw/lib/elf/libepc.a(keyboard.o)
 *(.rodata)
 .rodata        0x000000000000229c       0x56 main.o
 *(.rodata.str1.1)
 *(.rodata.str1.32)
                0x00000000000022f1                data_last = (. - 0x1)

.bss            0x00000000000022f4      0x83c
                0x00000000000022f4                bss_frst = .
 *(.bss)
 .bss           0x00000000000022f4        0x0 main.o
 .bss           0x00000000000022f4      0x800 /home/TDDI11/sw/lib/elf/libepc.a(init-idt.o)
 .bss           0x0000000000002af4        0x0 /home/TDDI11/sw/lib/elf/libepc.a(init-crt.o)
 .bss           0x0000000000002af4        0x8 /home/TDDI11/sw/lib/elf/libepc.a(display.o)
 .bss           0x0000000000002afc        0x0 /home/TDDI11/sw/lib/elf/libepc.a(init8259.o)
 .bss           0x0000000000002afc        0x0 /home/TDDI11/sw/lib/elf/libepc.a(init8253.o)
 .bss           0x0000000000002afc       0x34 /home/TDDI11/sw/lib/elf/libepc.a(keyboard.o)
 *(COMMON)
                0x0000000000002b2f                bss_last = (. - 0x1)

/DISCARD/
 *(.eh_frame)
                0x0000000000002b30                stack_frst = (bss_last + 0x1)
                0x000000000000ab2f                stack_last = (bss_last + 0x8000)
                0x000000000000ab30                heap_frst = (stack_last + 0x1)
OUTPUT(embedded.bin binary)

.debug_info     0x0000000000000000      0x26a
 .debug_info    0x0000000000000000      0x26a main.o

.debug_abbrev   0x0000000000000000      0x11e
 .debug_abbrev  0x0000000000000000      0x11e main.o

.debug_aranges  0x0000000000000000       0x20
 .debug_aranges
                0x0000000000000000       0x20 main.o

.debug_line     0x0000000000000000       0xe4
 .debug_line    0x0000000000000000       0xe4 main.o

.debug_str      0x0000000000000000      0x151
 .debug_str     0x0000000000000000      0x151 main.o

.comment        0x0000000000000000       0x12
 .comment       0x0000000000000000       0x12 main.o
