Archive member included to satisfy reference by file (symbol)

/home/TDDI11/sw/lib/elf/libepc.a(init-cpu.o)
                              (start)
/home/TDDI11/sw/lib/elf/libepc.a(init-idt.o)
                              /home/TDDI11/sw/lib/elf/libepc.a(init-cpu.o) (Init_IDT)
/home/TDDI11/sw/lib/elf/libepc.a(init-crt.o)
                              /home/TDDI11/sw/lib/elf/libepc.a(init-cpu.o) (Init_CRT)
/home/TDDI11/sw/lib/elf/libepc.a(display.o)
                              main.o (SetCursorPosition)
/home/TDDI11/sw/lib/elf/libepc.a(init8259.o)
                              /home/TDDI11/sw/lib/elf/libepc.a(init-cpu.o) (Init8259)
/home/TDDI11/sw/lib/elf/libepc.a(init8253.o)
                              /home/TDDI11/sw/lib/elf/libepc.a(init-cpu.o) (Init8253)
/home/TDDI11/sw/lib/elf/libepc.a(checkcpu.o)
                              /home/TDDI11/sw/lib/elf/libepc.a(init-cpu.o) (Check_CPU)
/home/TDDI11/sw/lib/elf/libepc.a(io.o)
                              /home/TDDI11/sw/lib/elf/libepc.a(init-idt.o) (ISR_PIC1)
/home/TDDI11/sw/lib/elf/libepc.a(keyboard.o)
                              /home/TDDI11/sw/lib/elf/libepc.a(io.o) (Enqueue)

Discarded input sections

 .eh_frame      0x0000000000000000       0xd8 main.o

Memory Configuration

Name             Origin             Length             Attributes
conventional     0x0000000000000000 0x00000000000a0000
reserved         0x00000000000a0000 0x0000000000060000
extended         0x0000000000100000 0x00000000fff00000
*default*        0x0000000000000000 0xffffffffffffffff

Linker script and memory map

LOAD main.o
LOAD llmultiply.o
LOAD /home/TDDI11/sw/lib/elf/libepc.a
LOAD /home/TDDI11/sw/lib/elf/djgpp/libc.a
LOAD /sw/i386-elf-gcc-4.9.0/lib/gcc/i386-elf/4.9.0/libgcc.a

.text           0x0000000000000000     0x1a64
                0x0000000000000000                text_frst = .
 *(.start)
 .start         0x0000000000000000        0x8 /home/TDDI11/sw/lib/elf/libepc.a(init-cpu.o)
                0x0000000000000000                start
 *(.init)
 *(.text)
 .text          0x0000000000000008      0x415 main.o
                0x0000000000000008                PutUnsignedLongLong
                0x0000000000000043                low
                0x000000000000005a                high
                0x0000000000000078                llmultiply2
                0x00000000000002c9                main
 *fill*         0x000000000000041d        0x3 
 .text          0x0000000000000420       0x69 llmultiply.o
                0x0000000000000420                llmultiply
 *fill*         0x0000000000000489        0x3 
 .text          0x000000000000048c       0x50 /home/TDDI11/sw/lib/elf/libepc.a(init-cpu.o)
                0x000000000000048c                Init_CPU
 .text          0x00000000000004dc      0x5a0 /home/TDDI11/sw/lib/elf/libepc.a(init-idt.o)
                0x00000000000008ec                IRQ2INT
                0x0000000000000900                _GetISR
                0x0000000000000944                SetISR
                0x000000000000097c                Init_IDT
 .text          0x0000000000000a7c      0x110 /home/TDDI11/sw/lib/elf/libepc.a(init-crt.o)
                0x0000000000000a7c                Init_CRT
                0x0000000000000ab0                _LastMemoryAddress
 .text          0x0000000000000b8c      0x6e0 /home/TDDI11/sw/lib/elf/libepc.a(display.o)
                0x0000000000000b8c                SetCursorVisible
                0x0000000000000c10                _GetCursorRow
                0x0000000000000c24                _GetCursorCol
                0x0000000000000c38                SetCursorPosition
                0x0000000000000cdc                ClearScreen
                0x0000000000000d44                _PutAttb
                0x0000000000000d90                _PutCharAt
                0x0000000000000dbc                _PutChar
                0x0000000000000e40                PutString
                0x0000000000000e78                PutUnsigned
                0x0000000000000eb0                FormatUnsigned
                0x0000000000000f40                Unsigned2Ascii
                0x0000000000000fc4                _Cell
 .text          0x000000000000126c       0xe0 /home/TDDI11/sw/lib/elf/libepc.a(init8259.o)
                0x000000000000126c                Init8259
 .text          0x000000000000134c       0xb0 /home/TDDI11/sw/lib/elf/libepc.a(init8253.o)
                0x000000000000134c                Init8253
 .text          0x00000000000013fc       0x98 /home/TDDI11/sw/lib/elf/libepc.a(checkcpu.o)
                0x00000000000013fc                Check_CPU
 .text          0x0000000000001494       0x60 /home/TDDI11/sw/lib/elf/libepc.a(io.o)
                0x0000000000001494                TimerTickISR
                0x00000000000014a0                KeyboardISR
                0x00000000000014c0                ISR_PIC1
                0x00000000000014c7                ISR_PIC2
                0x00000000000014d0                ___main
                0x00000000000014d1                inportb
                0x00000000000014db                outportb
                0x00000000000014ed                _exit
 .text          0x00000000000014f4      0x570 /home/TDDI11/sw/lib/elf/libepc.a(keyboard.o)
                0x00000000000014f4                ScanCodeRdy
                0x0000000000001518                GetScanCode
                0x0000000000001548                ScanCode2Ascii
                0x0000000000001708                SetsKybdState
                0x00000000000018f8                Enqueue
                0x0000000000001a63                text_last = (. - 0x1)

.data           0x0000000000001a80      0x77e
                0x0000000000001a80                data_frst = .
 *(.data)
 .data          0x0000000000001a80       0xc0 main.o
                0x0000000000001a80                cases
 .data          0x0000000000001b40        0x0 llmultiply.o
 .data          0x0000000000001b40       0x20 /home/TDDI11/sw/lib/elf/libepc.a(init-cpu.o)
                0x0000000000001b5e                code_selector
 .data          0x0000000000001b60       0x90 /home/TDDI11/sw/lib/elf/libepc.a(init-idt.o)
 .data          0x0000000000001bf0       0x10 /home/TDDI11/sw/lib/elf/libepc.a(init-crt.o)
 .data          0x0000000000001c00       0x30 /home/TDDI11/sw/lib/elf/libepc.a(display.o)
 .data          0x0000000000001c30        0x0 /home/TDDI11/sw/lib/elf/libepc.a(init8259.o)
 .data          0x0000000000001c30        0x0 /home/TDDI11/sw/lib/elf/libepc.a(init8253.o)
 .data          0x0000000000001c30        0xc /home/TDDI11/sw/lib/elf/libepc.a(io.o)
                0x0000000000001c30                msec
                0x0000000000001c34                old_tick_isr
                0x0000000000001c38                old_kybd_isr
 .data          0x0000000000001c3c      0x5a0 /home/TDDI11/sw/lib/elf/libepc.a(keyboard.o)
 *(.rodata)
 .rodata        0x00000000000021dc       0x22 main.o
 *(.rodata.str1.1)
 *(.rodata.str1.32)
                0x00000000000021fd                data_last = (. - 0x1)

.bss            0x0000000000002200      0x83c
                0x0000000000002200                bss_frst = .
 *(.bss)
 .bss           0x0000000000002200        0x0 main.o
 .bss           0x0000000000002200      0x800 /home/TDDI11/sw/lib/elf/libepc.a(init-idt.o)
 .bss           0x0000000000002a00        0x0 /home/TDDI11/sw/lib/elf/libepc.a(init-crt.o)
 .bss           0x0000000000002a00        0x8 /home/TDDI11/sw/lib/elf/libepc.a(display.o)
 .bss           0x0000000000002a08        0x0 /home/TDDI11/sw/lib/elf/libepc.a(init8259.o)
 .bss           0x0000000000002a08        0x0 /home/TDDI11/sw/lib/elf/libepc.a(init8253.o)
 .bss           0x0000000000002a08       0x34 /home/TDDI11/sw/lib/elf/libepc.a(keyboard.o)
 *(COMMON)
                0x0000000000002a3b                bss_last = (. - 0x1)

/DISCARD/
 *(.eh_frame)
                0x0000000000002a3c                stack_frst = (bss_last + 0x1)
                0x000000000000aa3b                stack_last = (bss_last + 0x8000)
                0x000000000000aa3c                heap_frst = (stack_last + 0x1)
OUTPUT(embedded.bin binary)

.debug_info     0x0000000000000000      0x25b
 .debug_info    0x0000000000000000      0x25b main.o

.debug_abbrev   0x0000000000000000      0x11e
 .debug_abbrev  0x0000000000000000      0x11e main.o

.debug_aranges  0x0000000000000000       0x20
 .debug_aranges
                0x0000000000000000       0x20 main.o

.debug_line     0x0000000000000000       0xc3
 .debug_line    0x0000000000000000       0xc3 main.o

.debug_str      0x0000000000000000      0x123
 .debug_str     0x0000000000000000      0x123 main.o

.comment        0x0000000000000000       0x12
 .comment       0x0000000000000000       0x12 main.o
